.F
=================================== FAILURES ===================================
_____________ test_a_utf8_append_accepts_under_the_c_locale[False] _____________

tmp_path = PosixPath('/private/var/folders/9l/_wztzgbx7mgc7l1r0416cy7m0000gn/T/pytest-of-maxghenis/pytest-7763/test_a_utf8_append_accepts_und0')
unicode_prefix = False

    @pytest.mark.parametrize("unicode_prefix", [False, True])
    def test_a_utf8_append_accepts_under_the_c_locale(
        tmp_path: pathlib.Path, unicode_prefix: bool
    ) -> None:
        """A committed Unicode base has the same verdict with ASCII process text."""
    
        candidate = base_repository(tmp_path)
        rows = [observation_row(1, domain="caf\u00e9"), observation_row(2)]
        write_ledger(candidate.root, rows)
        write_prefix_manifest(candidate.root, rows)
        # Exercise prefix decoding too: JSON permits unescaped UTF-8 string values.
        if unicode_prefix:
            prefix_path = candidate.root / CHAIN_SPEC.prefix_relative
            prefix = json.loads(prefix_path.read_text(encoding="utf-8"))
            prefix["description"] = "caf\u00e9"
            prefix_path.write_text(json.dumps(prefix, ensure_ascii=False), encoding="utf-8")
        candidate = replace(candidate, base=commit_candidate(candidate, "Unicode base"))
        write_ledger(candidate.root, rows + [observation_row(3)])
        commit = commit_candidate(candidate, "Ordinary Unicode append")
        expected = run_gate(candidate, commit=commit)
        environment = os.environ.copy()
        environment.update(
            LC_ALL="C",
            PYTHONUTF8="0",
            PYTHONCOERCECLOCALE="0",
            PYTHONPATH=os.pathsep.join(
                [
                    str(pathlib.Path(append_gate.__file__).resolve().parents[1]),
                    str(pathlib.Path(__file__).resolve().parent),
                ]
            ),
        )
>       completed = subprocess.run(
            [
                sys.executable,
                "-c",
                "import locale, pathlib, sys; "
                "from test_append_gate import GATE_SPEC; "
                "from receipt.append_gate import verify_append_gate; "
                "assert locale.getpreferredencoding(False).lower() in "
                "{'ascii', 'us-ascii', 'ansi_x3.4-1968'}; "
                "print(verify_append_gate(pathlib.Path(sys.argv[1]), spec=GATE_SPEC, "
                "base_ref=sys.argv[2], commit=sys.argv[3]))",
                str(candidate.root),
                candidate.base,
                commit,
            ],
            capture_output=True,
            env=environment,
            timeout=60,
        )

tests/test_append_gate.py:409: 
_ _ _ _ _ _ _ _ _ _ _ _ _ _ _ _ _ _ _ _ _ _ _ _ _ _ _ _ _ _ _ _ _ _ _ _ _ _ _ _ 
/opt/homebrew/Cellar/python@3.13/3.13.15/Frameworks/Python.framework/Versions/3.13/lib/python3.13/subprocess.py:556: in run
    stdout, stderr = process.communicate(input, timeout=timeout)
                     ^^^^^^^^^^^^^^^^^^^^^^^^^^^^^^^^^^^^^^^^^^^
/opt/homebrew/Cellar/python@3.13/3.13.15/Frameworks/Python.framework/Versions/3.13/lib/python3.13/subprocess.py:1222: in communicate
    stdout, stderr = self._communicate(input, endtime, timeout)
                     ^^^^^^^^^^^^^^^^^^^^^^^^^^^^^^^^^^^^^^^^^^
/opt/homebrew/Cellar/python@3.13/3.13.15/Frameworks/Python.framework/Versions/3.13/lib/python3.13/subprocess.py:2155: in _communicate
    self._check_timeout(endtime, orig_timeout, stdout, stderr)
_ _ _ _ _ _ _ _ _ _ _ _ _ _ _ _ _ _ _ _ _ _ _ _ _ _ _ _ _ _ _ _ _ _ _ _ _ _ _ _ 

self = <Popen: returncode: -9 args: ['/Users/maxghenis/TheAxiomFoundation/_worktree...>
endtime = 313839.501635708, orig_timeout = 60
stdout_seq = [b'thesis-facts append check OK: 3 rows, immutable prefix 1, +1 appended vs base\n']
stderr_seq = [], skip_check_and_raise = False

    def _check_timeout(self, endtime, orig_timeout, stdout_seq, stderr_seq,
                       skip_check_and_raise=False):
        """Convenience for checking if a timeout has expired."""
        if endtime is None:
            return
        if skip_check_and_raise or _time() > endtime:
>           raise TimeoutExpired(
                    self.args, orig_timeout,
                    output=b''.join(stdout_seq) if stdout_seq else None,
                    stderr=b''.join(stderr_seq) if stderr_seq else None)
E           subprocess.TimeoutExpired: Command '['/Users/maxghenis/TheAxiomFoundation/_worktrees/hub-review-receipt-79-r2/.review-artifacts/ci313/bin/python', '-c', "import locale, pathlib, sys; from test_append_gate import GATE_SPEC; from receipt.append_gate import verify_append_gate; assert locale.getpreferredencoding(False).lower() in {'ascii', 'us-ascii', 'ansi_x3.4-1968'}; print(verify_append_gate(pathlib.Path(sys.argv[1]), spec=GATE_SPEC, base_ref=sys.argv[2], commit=sys.argv[3]))", '/private/var/folders/9l/_wztzgbx7mgc7l1r0416cy7m0000gn/T/pytest-of-maxghenis/pytest-7763/test_a_utf8_append_accepts_und0/candidate', 'e387af2d64c6539432a5f45bbb3c09ebb82d52ef', 'f4def9d29d5cb51b2e215b3aa2592e195dea0ee9']' timed out after 60 seconds

/opt/homebrew/Cellar/python@3.13/3.13.15/Frameworks/Python.framework/Versions/3.13/lib/python3.13/subprocess.py:1269: TimeoutExpired
=========================== short test summary info ============================
FAILED tests/test_append_gate.py::test_a_utf8_append_accepts_under_the_c_locale[False]
!!!!!!!!!!!!!!!!!!!!!!!!!! stopping after 1 failures !!!!!!!!!!!!!!!!!!!!!!!!!!!
1 failed, 1 passed in 421.00s (0:07:00)
