tests/test_cli.py::test_verifies_a_published_corpus_from_a_clone
tests/test_cli.py::test_default_root_walks_from_the_spec_to_the_repository_top_level
tests/test_cli.py::test_explicit_nested_root_refuses_as_not_the_repository_top_level
tests/test_cli.py::test_default_root_refuses_a_spec_named_through_a_committed_symlink[verification-vendor/good/verification-verification/spec.py]
tests/test_cli.py::test_default_root_refuses_a_spec_named_through_a_committed_symlink[audit-vendor/good-audit/verification/spec.py]
tests/test_cli.py::test_default_root_refusal_survives_spec_and_anchor_pins
tests/test_cli.py::test_default_root_ignores_links_above_the_repository_top_level
tests/test_cli.py::test_default_root_refuses_a_top_level_named_through_a_symlink
tests/test_cli.py::test_default_root_refuses_a_dotdot_that_resolves_past_a_link
tests/test_cli.py::test_default_root_names_the_spec_s_physical_repository_exhaustively
tests/test_cli.py::test_json_pass_writes_to_a_redirected_stringio
tests/test_cli.py::test_text_pass_writes_to_a_redirected_stringio
tests/test_cli.py::test_refusal_writes_to_a_redirected_stringio_stderr
tests/test_cli.py::test_a_redirecting_git_variable_refuses_the_command_as_a_verdict
tests/test_cli.py::test_a_regular_file_named_as_the_root_refuses_in_the_same_words
tests/test_cli.py::test_the_json_contract_is_at_most_one_object_not_exactly_one
tests/test_cli.py::test_a_codecs_stream_writer_is_not_mistaken_for_a_unicode_sink
tests/test_cli.py::test_a_text_io_base_subclass_without_an_encoding_is_refused
tests/test_cli.py::test_a_tee_that_offers_getvalue_is_not_a_unicode_sink
tests/test_cli.py::test_a_string_io_subclass_is_still_a_unicode_sink
tests/test_cli.py::test_the_verdict_states_what_it_did_not_establish
tests/test_cli.py::test_gate_tiers_are_reported_separately
tests/test_cli.py::test_json_output_marks_gates_as_not_re_run
tests/test_cli.py::test_verify_objects_reports_the_real_primary_store
tests/test_cli.py::test_requested_object_store_failure_is_not_rendered_as_not_requested
tests/test_cli.py::test_matching_spec_and_anchor_pins_publish_full_custody
tests/test_cli.py::test_the_json_verdict_names_the_anchor_set_in_force
tests/test_cli.py::test_coordinated_producer_trust_replacement_is_narrowed_or_pinned
tests/test_cli.py::test_the_text_verdict_carries_every_quotable_digest_in_full
tests/test_cli.py::test_a_gate_that_did_not_run_is_shouted_not_hidden
tests/test_cli.py::test_refuses_a_journal_that_omits_a_spec_required_gate
tests/test_cli.py::test_every_non_passing_outcome_is_marked_in_the_verdict
tests/test_cli.py::test_json_output_carries_the_spec_digest
tests/test_cli.py::test_verifies_a_chain_with_a_second_release
tests/test_cli.py::test_a_corrected_encoding_binds_to_its_new_bytes
tests/test_cli.py::test_refuses_a_rewritten_prefix_seal
tests/test_cli.py::test_refuses_a_removed_head_release
tests/test_cli.py::test_refuses_an_edited_rule_file
tests/test_cli.py::test_refuses_a_rule_file_added_without_witnessing
tests/test_cli.py::test_refuses_a_symlinked_directory_under_a_content_root
tests/test_cli.py::test_scope_established_on_failure_json
tests/test_cli.py::test_pass_verdict_derives_the_witness_clause
tests/test_cli.py::test_default_verdict_keeps_the_witness_sentence_whole_before_custody
tests/test_cli.py::test_a_verdict_with_no_witnesses_states_no_timing_claim
tests/test_cli.py::test_a_witnessed_time_with_no_fraction_is_rendered_whole
tests/test_cli.py::test_a_fractional_witnessed_time_is_quoted_in_full[1]
tests/test_cli.py::test_a_fractional_witnessed_time_is_quoted_in_full[750000]
tests/test_cli.py::test_a_fractional_witnessed_time_is_quoted_in_full[999999]
tests/test_cli.py::test_refuses_an_edited_attested_file
tests/test_cli.py::test_refuses_an_edited_journal
tests/test_cli.py::test_refuses_a_forged_manifest
tests/test_cli.py::test_refuses_a_corrupt_producer_signature
tests/test_cli.py::test_refuses_a_missing_witness
tests/test_cli.py::test_refuses_a_swapped_trust_anchor
tests/test_cli.py::test_refuses_substituted_key_behind_symlinked_anchor_parent
tests/test_cli.py::test_refuses_a_chain_reached_through_a_symlinked_manifest_component
tests/test_cli.py::test_refuses_a_deleted_release_chain
tests/test_cli.py::test_refuses_a_missing_spec
tests/test_cli.py::test_refuses_a_spec_module_without_SPEC
tests/test_cli.py::test_refuses_a_spec_that_is_not_a_verification_spec
tests/test_cli.py::test_refuses_a_symlinked_spec
tests/test_cli.py::test_pin_dependencies_are_usage_errors_before_the_spec_runs[arguments0---base-ref requires --expect-commit]
tests/test_cli.py::test_pin_dependencies_are_usage_errors_before_the_spec_runs[arguments1---expect-anchor-set requires --expect-spec-sha256]
tests/test_cli.py::test_pin_dependency_usage_refusal_honors_json
tests/test_cli.py::test_spec_expectation_mismatch_is_an_exact_pre_execution_refusal
tests/test_cli.py::test_malformed_anchor_expectation_is_a_json_usage_refusal
tests/test_cli.py::test_candidate_expectations_refuse_commit_before_tree_through_the_cli
tests/test_cli.py::test_cli_forwards_the_loaded_spec_and_every_tree_option
tests/test_cli.py::test_the_spec_that_runs_is_always_the_spec_that_was_hashed
tests/test_cli.py::test_loading_a_spec_leaves_no_bytecode_behind
tests/test_cli.py::test_refuses_a_root_that_is_not_a_directory
tests/test_cli.py::test_failure_output_goes_to_stderr_not_stdout
tests/test_cli.py::test_unexpected_exception_in_any_pass_is_a_fail_verdict_not_an_escape[verify_release_chain]
tests/test_cli.py::test_unexpected_exception_in_any_pass_is_a_fail_verdict_not_an_escape[_custody_detail]
tests/test_cli.py::test_unexpected_exception_in_any_pass_is_a_fail_verdict_not_an_escape[verify_corpus_binding]
tests/test_cli.py::test_unexpected_exception_in_any_pass_is_a_fail_verdict_not_an_escape[_binding_detail]
tests/test_cli.py::test_unexpected_exception_in_any_pass_is_a_fail_verdict_not_an_escape[verify_declarations]
tests/test_cli.py::test_unexpected_exception_in_any_pass_is_a_fail_verdict_not_an_escape[_declaration_detail]
tests/test_cli.py::test_a_spec_that_exits_the_interpreter_is_refused_not_obeyed[SystemExit(0)]
tests/test_cli.py::test_a_spec_that_exits_the_interpreter_is_refused_not_obeyed[GeneratorExit()]
tests/test_cli.py::test_a_pass_that_exits_the_interpreter_is_a_fail_verdict
tests/test_cli.py::test_a_run_that_exits_the_interpreter_is_a_fail_verdict
tests/test_cli.py::test_run_verification_passes_production_pins_explicitly
tests/test_cli.py::test_pin_inference_yields_only_to_an_explicit_choice
tests/test_cli.py::test_a_chain_resigned_under_a_substituted_key_refuses_by_spki_pin
tests/test_cli.py::test_history_pass_exception_is_a_fail_verdict_not_an_escape
tests/test_cli.py::test_pass_text_with_base_ref_claims_only_the_snapshot_comparison
tests/test_cli.py::test_pass_text_without_base_ref_names_the_first_contact_limit
tests/test_cli.py::test_base_ref_json_reports_the_history_pass
tests/test_cli.py::test_the_history_verdict_names_the_resolved_commit_not_the_ref
tests/test_cli.py::test_a_verdict_without_a_base_ref_carries_no_history_block
tests/test_cli.py::test_selected_commit_is_invariant_under_later_worktree_and_index_mutation
tests/test_cli.py::test_base_ref_refusal_is_a_fail_verdict
tests/test_cli.py::test_json_verdict_on_a_missing_spec
tests/test_cli.py::test_json_verdict_when_reading_the_spec_raises_unexpectedly
tests/test_cli.py::test_json_verdict_on_a_root_that_is_not_a_directory
tests/test_cli.py::test_json_verdict_when_verification_itself_aborts
tests/test_cli.py::test_json_verdict_when_the_result_cannot_be_rendered
tests/test_cli.py::test_text_render_failure_refuses_instead_of_escaping
tests/test_cli.py::test_base_ref_help_is_snapshot_scoped
tests/test_cli.py::test_json_verdict_when_the_root_check_raises
tests/test_cli.py::test_json_verdict_when_serialization_itself_fails
tests/test_cli.py::test_history_pass_detail_is_snapshot_scoped
tests/test_cli.py::test_base_ref_refuses_a_deleted_release_object
tests/test_cli.py::test_post_base_additions_are_outside_the_history_claim
tests/test_cli.py::test_a_tree_name_cannot_forge_a_verdict_line
tests/test_cli.py::test_a_release_manifest_name_cannot_forge_a_verdict_line
tests/test_cli.py::test_a_content_path_in_a_corpus_refusal_is_escaped_exactly_once
tests/test_cli.py::test_terminal_safe_escapes_every_class_and_nothing_else
tests/test_cli.py::test_the_json_renderer_escapes_the_same_classes_by_itself
tests/test_cli.py::test_a_spec_path_byte_that_did_not_decode_cannot_reach_the_terminal
tests/test_cli.py::test_a_bidi_override_in_a_release_manifest_name_is_escaped
tests/test_cli.py::test_terminal_safe_escapes_lone_surrogates_and_format_controls
tests/test_cli.py::test_a_flooded_manifest_field_is_bounded_in_both_renderers
tests/test_cli.py::test_the_verdict_path_escapes_no_more_than_it_prints
tests/test_cli.py::test_the_fused_bound_never_cuts_an_escape_in_half
tests/test_cli.py::test_a_field_is_bounded_in_the_units_the_stream_receives[ascii-True]
tests/test_cli.py::test_a_field_is_bounded_in_the_units_the_stream_receives[utf-8-False]
tests/test_cli.py::test_the_ascii_measure_is_the_spelling_the_codec_produces
tests/test_cli.py::test_an_ordinary_failure_is_unchanged_by_the_rendering_bound
tests/test_cli.py::test_the_rendering_bound_truncates_at_its_own_edge_and_not_before
tests/test_cli.py::test_the_json_bound_walks_values_and_leaves_keys_alone
tests/test_cli.py::test_the_json_bound_measures_a_value_as_the_encoder_will_emit_it
tests/test_cli.py::test_the_json_bound_covers_keys_and_keeps_them_distinct
tests/test_cli.py::test_a_key_collision_refuses_instead_of_replacing_a_value
tests/test_cli.py::test_a_key_collision_becomes_the_render_refusal
tests/test_cli.py::test_the_text_bound_still_counts_the_characters_it_prints
tests/test_cli.py::test_the_failure_verdict_ends_with_the_trusted_sentinel
tests/test_cli.py::test_a_refusal_ends_with_the_trusted_sentinel
tests/test_cli.py::test_a_short_write_does_not_truncate_the_verdict
tests/test_cli.py::test_a_one_unit_writer_costs_the_payload_and_not_its_square
tests/test_cli.py::test_a_one_unit_text_writer_materialises_only_bounded_chunks
tests/test_cli.py::test_a_writer_reporting_more_than_it_was_offered_refuses
tests/test_cli.py::test_an_over_count_after_a_short_write_refuses
tests/test_cli.py::test_a_writer_reporting_a_negative_count_refuses_rather_than_spinning
tests/test_cli.py::test_a_writer_reporting_true_refuses
tests/test_cli.py::test_an_over_reporting_stdout_becomes_the_render_refusal
tests/test_cli.py::test_a_stream_that_takes_no_bytes_becomes_the_render_refusal
tests/test_cli.py::test_a_codec_that_decodes_ascii_into_controls_is_refused[utf-7-utf-7]
tests/test_cli.py::test_a_codec_that_decodes_ascii_into_controls_is_refused[unicode_escape-unicode-escape]
tests/test_cli.py::test_a_latin1_stream_round_trips_the_proved_ascii_fallback
tests/test_cli.py::test_a_legacy_codec_cannot_turn_the_verdict_into_a_control_sequence[cp1252-FAILED: binding \u203a rules/x.yaml]
tests/test_cli.py::test_every_ascii_transparent_codec_is_a_stateless_single_byte_page
tests/test_cli.py::test_a_codec_that_decodes_printable_escapes_into_controls_is_refused
tests/test_cli.py::test_a_stateful_codec_is_refused_rather_than_written_to_shifted
tests/test_cli.py::test_a_utf8_stream_still_carries_the_characters_themselves[utf-8]
tests/test_cli.py::test_a_utf8_stream_still_carries_the_characters_themselves[UTF_8]
tests/test_cli.py::test_a_utf8_stream_still_carries_the_characters_themselves[utf-8-sig]
tests/test_cli.py::test_a_wider_code_unit_cannot_carry_an_escape_sequence_either[utf-16]
tests/test_cli.py::test_a_wider_code_unit_cannot_carry_an_escape_sequence_either[utf-16-le]
tests/test_cli.py::test_a_wider_code_unit_cannot_carry_an_escape_sequence_either[utf-32-le]
tests/test_cli.py::test_the_emission_encoding_is_decided_once
tests/test_cli.py::test_the_allow_list_property_is_the_ascii_decode_identity
tests/test_cli.py::test_no_printable_ascii_byte_survives_the_ebcdic_pages
tests/test_cli.py::test_an_allow_list_miss_is_refused_by_name_not_by_the_probe
tests/test_cli.py::test_a_listed_codec_the_belt_rejects_keeps_the_belt_sentence
tests/test_cli.py::test_a_bufferless_stream_of_an_untrusted_codec_is_refused
tests/test_cli.py::test_a_bufferless_utf8_stream_still_gets_the_verdict
tests/test_cli.py::test_a_bufferless_literal_ascii_codec_still_meets_the_buffer_guard
tests/test_cli.py::test_a_utf8_sig_stream_receives_no_byte_order_mark[True]
tests/test_cli.py::test_a_utf8_sig_stream_receives_no_byte_order_mark[False]
tests/test_cli.py::test_a_strict_ascii_stdout_still_gets_the_text_verdict
tests/test_cli.py::test_a_strict_ascii_stdout_still_gets_the_json_verdict
tests/test_cli.py::test_an_emission_that_raises_becomes_the_render_refusal
tests/test_cli.py::test_a_refusal_survives_a_stream_that_will_not_take_bytes
tests/test_cli.py::test_the_guarded_writer_survives_a_detached_buffer
tests/test_cli.py::test_a_refusal_that_cannot_print_still_returns_its_exit_code
tests/test_cli.py::test_a_redirecting_git_variable_refuses_before_the_history_pass
tests/test_cli.py::test_a_refusal_still_lets_the_operator_interrupt_through
tests/test_attest.py::test_attestation_subject_is_exact_canonical_payload
tests/test_attest.py::test_attestation_subject_refusals_are_verbatim[MaxGhenis/brier-abc123-subject requires a full 40-hex commit sha: 'abc123']
tests/test_attest.py::test_attestation_subject_refusals_are_verbatim[not a slug-aaaaaaaaaaaaaaaaaaaaaaaaaaaaaaaaaaaaaaaa-invalid repository slug: 'not a slug']
tests/test_attest.py::test_attest_spec_is_required_frozen_and_deeply_immutable
tests/test_attest.py::test_attest_spec_validation_refusals[changes0-invalid repository slug: 'no-slash']
tests/test_attest.py::test_attest_spec_validation_refusals[changes1-allowed_workflows must be a non-empty collection of workflow paths]
tests/test_attest.py::test_attest_spec_validation_refusals[changes2-allowed_workflows must be a non-empty collection of workflow paths]
tests/test_attest.py::test_attest_spec_validation_refusals[changes3-invalid allowed workflow path: 'workflows/publish.yml']
tests/test_attest.py::test_attest_spec_validation_refusals[changes4-invalid allowed workflow path: '.github/workflows/../evil.yml']
tests/test_attest.py::test_attest_spec_validation_refusals[changes5-invalid allowed ref: 'main']
tests/test_attest.py::test_attest_spec_validation_refusals[changes6-invalid allowed ref: 'refs/heads/main@evil']
tests/test_attest.py::test_attest_spec_validation_refusals[changes7-invalid protected prefix: '../records/']
tests/test_attest.py::test_attest_spec_validation_refusals[changes8-invalid checker path: PurePosixPath('/scripts/check.py')]
tests/test_attest.py::test_attest_spec_validation_refusals[changes9-invalid checker path: 'scripts/']
tests/test_attest.py::test_cert_identity_pattern_is_exact_and_anchored
tests/test_attest.py::test_certificate_identity_extraction_uses_certificate_fields_only
tests/test_attest.py::test_enforcement_epoch_command_and_refusals
tests/test_attest.py::test_records_commits_uses_full_history_and_consumer_prefix
tests/test_attest.py::test_commit_age_and_repository_slug_parsers
tests/test_attest.py::test_repository_slug_preserves_github_origin_identity[https://github.com/TheAxiomFoundation/receipt.audit.git-TheAxiomFoundation/receipt.audit]
tests/test_attest.py::test_repository_slug_preserves_github_origin_identity[git@github.com:TheAxiomFoundation/receipt.audit.git-TheAxiomFoundation/receipt.audit]
tests/test_attest.py::test_repository_slug_preserves_github_origin_identity[ssh://git@github.com:22/O/R.git-O/R]
tests/test_attest.py::test_repository_slug_preserves_github_origin_identity[https://GITHUB.COM/O/R.git-O/R]
tests/test_attest.py::test_repository_slug_preserves_github_origin_identity[git@GITHUB.COM:O/R.git-O/R]
tests/test_attest.py::test_repository_slug_preserves_github_origin_identity[https://github.com/O/R.git/-O/R]
tests/test_attest.py::test_repository_slug_preserves_github_origin_identity[git@github.com:O/R.git/-O/R]
tests/test_attest.py::test_repository_slug_preserves_github_origin_identity[https://git@github.com:443/O/R.git-O/R]
tests/test_attest.py::test_repository_slug_preserves_github_origin_identity[ssh://github.com/O/R.git.audit-O/R.git.audit]
tests/test_attest.py::test_repository_slug_preserves_github_origin_identity[https://github.com/O/R-O/R]
tests/test_attest.py::test_repository_slug_refuses_non_github_or_ambiguous_origin[https://notgithub.com/TheAxiomFoundation/receipt.git]
tests/test_attest.py::test_repository_slug_refuses_non_github_or_ambiguous_origin[https://evil.example/github.com/TheAxiomFoundation/receipt.git]
tests/test_attest.py::test_repository_slug_refuses_non_github_or_ambiguous_origin[https://github.com.evil.example/O/R.git]
tests/test_attest.py::test_repository_slug_refuses_non_github_or_ambiguous_origin[https://github.com/O/R.git/extra]
tests/test_attest.py::test_repository_slug_refuses_non_github_or_ambiguous_origin[https://github.com/O/R.git?query=value]
tests/test_attest.py::test_repository_slug_refuses_non_github_or_ambiguous_origin[https://github.com/O/R.git#fragment]
tests/test_attest.py::test_repository_slug_refuses_non_github_or_ambiguous_origin[https://github.com/O/R.git?]
tests/test_attest.py::test_repository_slug_refuses_non_github_or_ambiguous_origin[git@github.com:O/R.git#fragment]
tests/test_attest.py::test_repository_slug_refuses_non_github_or_ambiguous_origin[git://github.com/O/R.git]
tests/test_attest.py::test_repository_slug_refuses_non_github_or_ambiguous_origin[http://github.com/O/R.git]
tests/test_attest.py::test_repository_slug_refuses_non_github_or_ambiguous_origin[ssh://git@github.com:invalid/O/R.git]
tests/test_attest.py::test_repository_slug_refuses_non_github_or_ambiguous_origin[ssh://git@github.com:65536/O/R.git]
tests/test_attest.py::test_repository_slug_refuses_non_github_or_ambiguous_origin[https://github.com/O//R.git]
tests/test_attest.py::test_repository_slug_refuses_non_github_or_ambiguous_origin[https://github.com/O/.git]
tests/test_attest.py::test_repository_slug_refuses_non_github_or_ambiguous_origin[https://github.com/O/../]
tests/test_attest.py::test_repository_slug_refuses_unicode_case_aliases[https://{host}/O/R.git-g\u0131thub.com]
tests/test_attest.py::test_repository_slug_refuses_unicode_case_aliases[https://{host}/O/R.git-g\u0130thub.com]
tests/test_attest.py::test_repository_slug_refuses_unicode_case_aliases[git@{host}:O/R.git-g\u0131thub.com]
tests/test_attest.py::test_repository_slug_refuses_unicode_case_aliases[git@{host}:O/R.git-g\u0130thub.com]
tests/test_attest.py::test_repository_slug_refuses_unicode_case_aliases[ssh://git@{host}:22/O/R.git-g\u0131thub.com]
tests/test_attest.py::test_repository_slug_refuses_unicode_case_aliases[ssh://git@{host}:22/O/R.git-g\u0130thub.com]
tests/test_attest.py::test_repository_slug_refuses_boundary_whitespace[ https://github.com/O/R.git]
tests/test_attest.py::test_repository_slug_refuses_boundary_whitespace[https://github.com/O/R.git ]
tests/test_attest.py::test_repository_slug_refuses_boundary_whitespace[\nhttps://github.com/O/R.git\n]
tests/test_attest.py::test_commit_scope_branch_outcomes[0-False]
tests/test_attest.py::test_commit_scope_branch_outcomes[1-True]
tests/test_attest.py::test_commit_scope_merge_base_error_is_verbatim
tests/test_attest.py::test_verify_commit_constructs_exact_gh_command_and_is_silent
tests/test_attest.py::test_verify_commit_retries_fresh_commit_then_accepts
tests/test_attest.py::test_verify_commit_exhausts_retries_and_uses_last_diagnostic
tests/test_attest.py::test_verify_commit_old_failure_and_unparseable_success_messages
tests/test_attest.py::test_a_full_history_sweep_reaches_the_unattested_commit
tests/test_attest.py::test_a_shallow_clone_refuses_before_it_is_swept[1]
tests/test_attest.py::test_a_shallow_clone_refuses_before_it_is_swept[2]
tests/test_attest.py::test_a_graft_file_refuses_before_it_is_swept
tests/test_attest.py::test_a_replace_ref_does_not_hide_a_commit
tests/test_attest.py::test_a_commit_graph_entry_does_not_hide_a_commit
tests/test_attest.py::test_an_inherited_git_variable_does_not_move_the_sweep[GIT_DIR]
tests/test_attest.py::test_an_inherited_git_variable_does_not_move_the_sweep[GIT_GRAFT_FILE]
tests/test_attest.py::test_an_inherited_git_variable_does_not_move_the_sweep[GIT_REPLACE_REF_BASE]
tests/test_attest.py::test_option_shaped_arguments_are_read_as_revisions
tests/test_attest.py::test_the_sweep_is_invariant_under_ambient_git_state_exhaustively
tests/test_attest_equivalence.py::test_canonical_subject_bytes_match[MaxGhenis/brier-0000000000000000000000000000000000000000]
tests/test_attest_equivalence.py::test_canonical_subject_bytes_match[owner.example/repository-name-aaaaaaaaaaaaaaaaaaaaaaaaaaaaaaaaaaaaaaaa]
tests/test_attest_equivalence.py::test_canonical_subject_bytes_match[Axiom_Foundation/receipt.py-0123456789abcdef0123456789abcdef01234567]
tests/test_attest_equivalence.py::test_subject_refusals_match_directly[invalid_commit]
tests/test_attest_equivalence.py::test_subject_refusals_match_directly[invalid_repository]
tests/test_attest_equivalence.py::test_single_enforcement_epoch_resolves_identically
tests/test_attest_equivalence.py::test_enforcement_epoch_refusals_match[zero_introductions]
tests/test_attest_equivalence.py::test_enforcement_epoch_refusals_match[two_introductions]
tests/test_attest_equivalence.py::test_full_history_selects_side_branch_commit_identically
tests/test_attest_equivalence.py::test_cert_identity_pattern_matches_exactly
tests/test_attest_equivalence.py::test_gh_accept_and_retry_grace_match[old_accept]
tests/test_attest_equivalence.py::test_gh_accept_and_retry_grace_match[fresh_retry_accept]
tests/test_attest_equivalence.py::test_gh_refusals_match[old_refusal]
tests/test_attest_equivalence.py::test_gh_refusals_match[old_stdout_refusal]
tests/test_attest_equivalence.py::test_gh_refusals_match[old_no_detail_refusal]
tests/test_attest_equivalence.py::test_gh_refusals_match[fresh_retry_exhaustion]
tests/test_attest_equivalence.py::test_repository_slug_refusal_matches
tests/test_attest_equivalence.py::test_merge_base_fatal_refusal_matches_directly
tests/test_attest_equivalence.py::test_swapped_runtime_import_fails_authentication[scripts/attest_subject.py]
tests/test_attest_equivalence.py::test_swapped_runtime_import_fails_authentication[scripts/canonical_json.py]
tests/test_attest_equivalence.py::test_the_port_refuses_a_shallow_clone_the_pinned_upstream_accepts

261 tests collected in 2.85s
